// Vitest Snapshot v1

exports[`NumberField > should render correctly 1`] = `
<DocumentFragment>
  .emotion-0 {
  display: -webkit-box;
  display: -webkit-flex;
  display: -ms-flexbox;
  display: flex;
  -webkit-flex-direction: row;
  -ms-flex-direction: row;
  flex-direction: row;
  width: 100%;
}

.emotion-2 {
  border: 1px solid #365463;
  padding: 8px 20px;
  display: -webkit-box;
  display: -webkit-flex;
  display: -ms-flexbox;
  display: flex;
  -webkit-align-items: center;
  -webkit-box-align: center;
  -ms-flex-align: center;
  align-items: center;
  -webkit-box-pack: center;
  -ms-flex-pack: center;
  -webkit-justify-content: center;
  justify-content: center;
  background-color: #cfdce2;
  color: #365463;
  cursor: pointer;
  font-weight: 700;
  font-size: 20px;
}

.emotion-2:hover {
  background-color: #dfe8ec;
}

.emotion-2 svg {
  width: 15px;
  height: 15px;
}

.emotion-4 {
  font-family: inherit;
  font-size: 14px;
  font-weight: 500;
  padding: 10px 15px;
  border-radius: 10px;
  border: 1px solid #365463;
  background-color: #fff;
  color: #365463;
  -webkit-flex: 1;
  -ms-flex: 1;
  flex: 1;
  -webkit-flex: 1;
  -ms-flex: 1;
  flex: 1;
  border-left: none;
  border-right: none;
  border-radius: 0;
  text-align: center;
}

.emotion-4::-webkit-input-placeholder {
  color: #365463;
  opacity: 1;
}

.emotion-4::-moz-placeholder {
  color: #365463;
  opacity: 1;
}

.emotion-4:-ms-input-placeholder {
  color: #365463;
  opacity: 1;
}

.emotion-4::placeholder {
  color: #365463;
  opacity: 1;
}

<div
    class="emotion-0 emotion-1"
  >
    <button
      class="emotion-2 emotion-3"
      style="border-radius: 10px 0 0 10px;"
      type="button"
    >
      -
    </button>
    <input
      class="emotion-4 emotion-5"
      inputmode="numeric"
      type="text"
      value="0"
    />
    <button
      class="emotion-2 emotion-3"
      style="border-radius: 0 10px 10px 0;"
      type="button"
    >
      +
    </button>
  </div>
</DocumentFragment>
`;
