// Vitest Snapshot v1

exports[`RecipeFeature > should render correctly 1`] = `
<DocumentFragment>
  .emotion-0 {
  display: -webkit-box;
  display: -webkit-flex;
  display: -ms-flexbox;
  display: flex;
  -webkit-flex-direction: column;
  -ms-flex-direction: column;
  flex-direction: column;
  -webkit-align-items: center;
  -webkit-box-align: center;
  -ms-flex-align: center;
  align-items: center;
  -webkit-box-pack: center;
  -ms-flex-pack: center;
  -webkit-justify-content: center;
  justify-content: center;
}

.emotion-2 {
  width: 25px;
  color: #0af;
  fill: #0af;
}

.emotion-3 {
  margin: 0;
  margin-top: 10px;
  font-weight: 600;
  font-size: 16px;
  font-size: clamp(16px, 12.307692307692308px + 0.641025641025641vw, 20px);
}

<div
    class="emotion-0 emotion-1"
  >
    <svg
      class="emotion-2"
      fill="currentColor"
      viewBox="0 0 473.409 473.409"
      xmlns="http://www.w3.org/2000/svg"
    >
      <path
        d="M243.076 1.443c-4.594-2.182-9.969-1.878-14.26.838a14.757 14.757 0 00-6.906 12.511c0 79.692-39.398 109.757-81.107 141.584-40.135 30.629-81.628 62.297-81.628 135.805 0 99.932 79.634 181.228 177.529 181.228s177.529-81.295 177.529-181.228c.001-130.069-118.872-265.788-171.157-290.738zm-65.548 379.504c0-23.679 12.078-33.142 28.794-46.246 15.661-12.266 34.313-26.872 41.811-55.29 21.194 22.061 47.749 63.467 47.749 101.536 0 34.674-26.54 62.875-59.176 62.875-32.638 0-59.178-28.201-59.178-62.875zm139.871 38.036c5.076-11.634 8.071-24.447 8.071-38.036 0-62.543-54.019-128.9-82.249-142.74-4.609-2.239-10.055-1.994-14.346.737a14.8 14.8 0 00-6.964 12.555c0 33.402-14.939 45.105-33.836 59.913-18.81 14.736-40.135 31.437-40.135 69.535 0 13.591 2.996 26.404 8.072 38.038-40.399-27.101-67.249-73.723-67.249-126.803 0-58.873 32.434-83.621 69.997-112.285 39.196-29.92 83.116-63.424 91.365-138.897 51.462 40.294 134.52 149.256 134.52 251.182 0 53.08-26.85 99.702-67.246 126.801z"
      />
    </svg>
    <p
      class="emotion-3 emotion-4"
    >
      Test
    </p>
  </div>
</DocumentFragment>
`;
