// Vitest Snapshot v1

exports[`RecipeCover > should render correctly 1`] = `
<DocumentFragment>
  .emotion-0 {
  overflow: hidden;
  height: 400px;
  border-radius: 30px;
  position: relative;
}

@media (max-width: 768px) {
  .emotion-0.emotion-0 {
    width: 100%;
    grid-column: 1/-1;
    border-radius: 0;
  }
}

.emotion-2 {
  width: 100%;
  height: 100%;
  object-fit: cover;
  min-height: 300px;
  background-color: #dfe8ec;
}

.emotion-4 {
  width: 100%;
  height: 20px;
  margin-top: -20px;
  background-color: #f6f8f9;
  z-index: 1;
  position: absolute;
  border-radius: 20px 20px 0 0;
  display: none;
}

@media (max-width: 768px) {
  .emotion-4 {
    display: block;
  }
}

<div
    class="emotion-0 emotion-1"
  >
    <img
      class="emotion-2 emotion-3"
      src="test.jpg"
    />
    <div
      class="emotion-4 emotion-5"
    />
  </div>
</DocumentFragment>
`;
