// Vitest Snapshot v1

exports[`RecipeTile > should render correctly 1`] = `
<DocumentFragment>
  .emotion-0 {
  width: 100%;
  height: -webkit-min-content;
  height: -moz-min-content;
  height: min-content;
  overflow: hidden;
  -webkit-text-decoration: none;
  text-decoration: none;
  position: relative;
  color: unset;
  display: -webkit-box;
  display: -webkit-flex;
  display: -ms-flexbox;
  display: flex;
  -webkit-flex-direction: column;
  -ms-flex-direction: column;
  flex-direction: column;
}

.emotion-2 {
  width: 100%;
  height: 100%;
  object-fit: cover;
  display: block;
  border-radius: 15px;
  margin-bottom: 15px;
  aspect-ratio: 1;
  background-color: #dfe8ec;
}

.emotion-4 {
  margin: 0;
  font-weight: 600;
  margin-bottom: 10px;
  font-size: 18px;
  overflow: hidden;
  white-space: nowrap;
  text-overflow: ellipsis;
}

.emotion-6 {
  margin: 0;
  font-size: 14px;
  color: #365463;
}

<a
    class="emotion-0 emotion-1"
    href="/recipes/id/test"
  >
    <img
      alt="Test"
      class="emotion-2 emotion-3"
      src="test.png"
    />
    <p
      class="emotion-4 emotion-5"
    >
      Test
    </p>
    <p
      class="emotion-6 emotion-7"
    >
      
  1 składnik
 • minuta
    </p>
  </a>
</DocumentFragment>
`;
