// Vitest Snapshot v1

exports[`Servings > should render correctly 1`] = `
<DocumentFragment>
  .emotion-0 {
  background-color: rgba(0,170,255,0.1);
  padding: 10px 20px;
  border-radius: 20px;
  display: -webkit-box;
  display: -webkit-flex;
  display: -ms-flexbox;
  display: flex;
  -webkit-align-items: center;
  -webkit-box-align: center;
  -ms-flex-align: center;
  align-items: center;
}

.emotion-3 {
  font-weight: bold;
  border: none;
  -webkit-transition: background-color 0.3s,color 0.3s;
  transition: background-color 0.3s,color 0.3s;
  outline: none;
  display: -webkit-box;
  display: -webkit-flex;
  display: -ms-flexbox;
  display: flex;
  -webkit-flex-direction: row;
  -ms-flex-direction: row;
  flex-direction: row;
  -webkit-align-items: center;
  -webkit-box-align: center;
  -ms-flex-align: center;
  align-items: center;
  -webkit-box-pack: justify;
  -webkit-justify-content: space-between;
  justify-content: space-between;
  width: auto;
  cursor: pointer;
  box-shadow: 0px 3px 2px rgba(57,66,70,0.3);
  position: relative;
  background-color: #dfe8ec;
  color: #365463;
  font-size: 18px;
  border-radius: 10px;
  padding: 15px 15px;
  line-height: 1;
  box-shadow: none;
  border-radius: 10px;
  min-width: auto;
  font-size: 25px;
  font-weight: 700;
  padding: 5px 15px;
  background-color: rgba(0,170,255,0.1);
}

.emotion-3:disabled {
  opacity: 0.7;
  cursor: not-allowed;
}

.emotion-3:disabled {
  background-color: #e7ecef;
}

.emotion-3:not(:disabled):hover,
.emotion-3:not(:disabled):focus-visible {
  background-color: #cfdce2;
}

.emotion-3>svg,
.emotion-3>img {
  margin-right: 15px;
  width: 20px;
  height: 20px;
}

.emotion-3>.filler {
  margin-left: 15px;
  width: 20px;
  height: 20px;
}

.emotion-5 {
  font-weight: 700;
  -webkit-flex: 1;
  -ms-flex: 1;
  flex: 1;
  text-align: center;
}

<div
    class="emotion-0 emotion-1"
  >
    <button
      class="emotion-2 emotion-3 emotion-4"
    >
      -
    </button>
    <p
      class="emotion-5 emotion-6"
    >
      
  0 porcji

    </p>
    <button
      class="emotion-2 emotion-3 emotion-4"
    >
      +
    </button>
  </div>
</DocumentFragment>
`;
