// Vitest Snapshot v1

exports[`NavigationMenu > should render correctly 1`] = `
<DocumentFragment>
  .emotion-0 {
  display: -webkit-box;
  display: -webkit-flex;
  display: -ms-flexbox;
  display: flex;
  -webkit-flex-direction: row;
  -ms-flex-direction: row;
  flex-direction: row;
  background-color: #f6f8f9;
  width: 100%;
  z-index: 10;
}

@media (max-width: 768px) {
  .emotion-0 {
    box-shadow: 0px 0px 20px rgba(57,66,70,0.3);
    height: 70px;
    position: fixed;
    bottom: 0;
    left: 0;
    right: 0;
  }
}

.emotion-2 {
  display: -webkit-box;
  display: -webkit-flex;
  display: -ms-flexbox;
  display: flex;
  -webkit-flex-direction: column;
  -ms-flex-direction: column;
  flex-direction: column;
  -webkit-box-pack: space-evenly;
  -ms-flex-pack: space-evenly;
  -webkit-justify-content: space-evenly;
  justify-content: space-evenly;
  padding: 0;
  margin: 0;
  width: 100%;
  height: 100%;
  gap: 10px;
  padding: 10px;
}

@media (max-width: 768px) {
  .emotion-2 {
    -webkit-flex-direction: row;
    -ms-flex-direction: row;
    flex-direction: row;
    padding: 0;
  }
}

<nav
    class="emotion-0 emotion-1"
  >
    <div
      class="emotion-2 emotion-3"
    />
  </nav>
</DocumentFragment>
`;
