// Vitest Snapshot v1

exports[`Loading > should render correctly 1`] = `
<DocumentFragment>
  .emotion-0 {
  background-color: #f6f8f9;
  font-size: 30px;
  display: -webkit-box;
  display: -webkit-flex;
  display: -ms-flexbox;
  display: flex;
  -webkit-align-items: center;
  -webkit-box-align: center;
  -ms-flex-align: center;
  align-items: center;
  -webkit-box-pack: center;
  -ms-flex-pack: center;
  -webkit-justify-content: center;
  justify-content: center;
  width: 100%;
  height: 100%;
  min-height: 100vh;
}

<div
    class="emotion-0 emotion-1"
  />
</DocumentFragment>
`;
