// Vitest Snapshot v1

exports[`UserAvatar > should render correctly 1`] = `
<DocumentFragment>
  .emotion-0 {
  width: 40px;
  height: 40px;
  border-radius: 10px;
}

<img
    class="emotion-0 emotion-1"
    src="test.png"
  />
</DocumentFragment>
`;
