// Vitest Snapshot v1

exports[`CheckboxSetting > should render correctly 1`] = `
<DocumentFragment>
  .emotion-0 {
  display: -webkit-box;
  display: -webkit-flex;
  display: -ms-flexbox;
  display: flex;
  -webkit-flex-direction: row;
  -ms-flex-direction: row;
  flex-direction: row;
  margin-bottom: 30px;
}

.emotion-2 {
  display: -webkit-box;
  display: -webkit-flex;
  display: -ms-flexbox;
  display: flex;
  -webkit-flex-direction: column;
  -ms-flex-direction: column;
  flex-direction: column;
  -webkit-flex: 1;
  -ms-flex: 1;
  flex: 1;
}

.emotion-4 {
  margin-top: 0;
}

.emotion-6 {
  font-size: 12px;
  line-height: 1.4;
  margin-top: -10px;
  color: #365463;
  margin-bottom: 0;
}

.emotion-8 {
  -webkit-appearance: none;
  -moz-appearance: none;
  -ms-appearance: none;
  appearance: none;
  width: 20px;
  height: 20px;
  border-radius: 5px;
  border: 4px solid #f6f8f9;
  background-color: #f6f8f9;
  -webkit-align-self: center;
  -ms-flex-item-align: center;
  align-self: center;
  box-shadow: 0 0 1px rgba(57,66,70,0.3);
}

.emotion-8:checked {
  background-color: #365463;
}

<label
    class="emotion-0 emotion-1"
  >
    <div
      class="emotion-2 emotion-3"
    >
      <h3
        class="emotion-4 emotion-5"
      >
        Test
      </h3>
      <p
        class="emotion-6 emotion-7"
      >
        test2
      </p>
    </div>
    <input
      checked=""
      class="emotion-8 emotion-9"
      name="test1"
      type="checkbox"
    />
  </label>
</DocumentFragment>
`;
